<html>
<body>
<pre>
<h1>µVision Build Log</h1>
<h2>Project:</h2>
F:\EECE\shell\week_1\example_1\ex_1.uvproj
Project File Date:  09/10/2021

<h2>Output:</h2>
Build target 'Target 1'
compiling main.c...
main.c(52): warning:  #1-D: last line of file ends without a newline
  }
main.c: 1 warning, 0 errors
linking...
Program Size: Code=712 RO-data=636 RW-data=0 ZI-data=608  
".\ex_1.axf" - 0 Error(s), 1 Warning(s).
</pre>
</body>
</html>
enough information to list image symbols.
Finished: 1 information, 0 warning and 1 error messages.
".\ex_1.axf" - 1 Error(s), 1 Warning(s).
Target not created
